=== [run] data_sl ===
  found 15 existing shards with 15,000,000 samples, resuming
  max_samples=15,000,000 already reached; nothing to do
total samples: 15000000
=== [run] data_puzzles ===
  found 6 existing puzzle shards with 3,000,000 samples, resuming
total puzzle samples: 3000000
=== [run] sl_warmstart ===
W0420 21:07:24.544000 99948 torch/distributed/run.py:793] 
W0420 21:07:24.544000 99948 torch/distributed/run.py:793] *****************************************
W0420 21:07:24.544000 99948 torch/distributed/run.py:793] Setting OMP_NUM_THREADS environment variable for each process to be 1 in default, to avoid your system being overloaded, please further tune the variable for optimal performance in your application as needed. 
W0420 21:07:24.544000 99948 torch/distributed/run.py:793] *****************************************
[rank3]:[E420 22:09:11.948563656 ProcessGroupNCCL.cpp:616] [Rank 3] Watchdog caught collective operation timeout: WorkNCCL(SeqNum=5, OpType=BROADCAST, NumelIn=20998, NumelOut=20998, Timeout(ms)=600000) ran for 600016 milliseconds before timing out.
[rank3]:[E420 22:09:11.949227475 ProcessGroupNCCL.cpp:1785] [PG ID 0 PG GUID 0(default_pg) Rank 3] Exception (either an error or timeout) detected by watchdog at work: 5, last enqueued NCCL work: 6, last completed NCCL work: 4.
[rank3]:[E420 22:09:12.096571568 ProcessGroupNCCL.cpp:1834] [PG ID 0 PG GUID 0(default_pg) Rank 3] Timeout at NCCL work: 5, last enqueued NCCL work: 6, last completed NCCL work: 4.
[rank3]:[E420 22:09:12.096598860 ProcessGroupNCCL.cpp:630] [Rank 3] Some NCCL operations have failed or timed out. Due to the asynchronous nature of CUDA kernels, subsequent GPU operations might run on corrupted/incomplete data.
[rank3]:[E420 22:09:12.096607927 ProcessGroupNCCL.cpp:636] [Rank 3] To avoid data inconsistency, we are taking the entire process down.
[rank3]:[E420 22:09:12.100713158 ProcessGroupNCCL.cpp:1595] [PG ID 0 PG GUID 0(default_pg) Rank 3] Process group watchdog thread terminated with exception: [Rank 3] Watchdog caught collective operation timeout: WorkNCCL(SeqNum=5, OpType=BROADCAST, NumelIn=20998, NumelOut=20998, Timeout(ms)=600000) ran for 600016 milliseconds before timing out.
Exception raised from checkTimeout at ../torch/csrc/distributed/c10d/ProcessGroupNCCL.cpp:618 (most recent call first):
frame #0: c10::Error::Error(c10::SourceLocation, std::string) + 0x96 (0x791e90f6c446 in /root/venv/lib/python3.12/site-packages/torch/lib/libc10.so)
frame #1: c10d::ProcessGroupNCCL::WorkNCCL::checkTimeout(std::optional<std::chrono::duration<long, std::ratio<1l, 1000l> > >) + 0x282 (0x791e467c8a92 in /root/venv/lib/python3.12/site-packages/torch/lib/libtorch_cuda.so)
frame #2: c10d::ProcessGroupNCCL::watchdogHandler() + 0x233 (0x791e467cfed3 in /root/venv/lib/python3.12/site-packages/torch/lib/libtorch_cuda.so)
frame #3: c10d::ProcessGroupNCCL::ncclCommWatchdog() + 0x14d (0x791e467d193d in /root/venv/lib/python3.12/site-packages/torch/lib/libtorch_cuda.so)
frame #4: <unknown function> + 0x145c0 (0x791e9142b5c0 in /root/venv/lib/python3.12/site-packages/torch/lib/libtorch.so)
frame #5: <unknown function> + 0x9caa4 (0x791e91c7eaa4 in /lib/x86_64-linux-gnu/libc.so.6)
frame #6: __clone + 0x44 (0x791e91d0ba64 in /lib/x86_64-linux-gnu/libc.so.6)

terminate called after throwing an instance of 'c10::DistBackendError'
  what():  [PG ID 0 PG GUID 0(default_pg) Rank 3] Process group watchdog thread terminated with exception: [Rank 3] Watchdog caught collective operation timeout: WorkNCCL(SeqNum=5, OpType=BROADCAST, NumelIn=20998, NumelOut=20998, Timeout(ms)=600000) ran for 600016 milliseconds before timing out.
Exception raised from checkTimeout at ../torch/csrc/distributed/c10d/ProcessGroupNCCL.cpp:618 (most recent call first):
frame #0: c10::Error::Error(c10::SourceLocation, std::string) + 0x96 (0x791e90f6c446 in /root/venv/lib/python3.12/site-packages/torch/lib/libc10.so)
frame #1: c10d::ProcessGroupNCCL::WorkNCCL::checkTimeout(std::optional<std::chrono::duration<long, std::ratio<1l, 1000l> > >) + 0x282 (0x791e467c8a92 in /root/venv/lib/python3.12/site-packages/torch/lib/libtorch_cuda.so)
frame #2: c10d::ProcessGroupNCCL::watchdogHandler() + 0x233 (0x791e467cfed3 in /root/venv/lib/python3.12/site-packages/torch/lib/libtorch_cuda.so)
frame #3: c10d::ProcessGroupNCCL::ncclCommWatchdog() + 0x14d (0x791e467d193d in /root/venv/lib/python3.12/site-packages/torch/lib/libtorch_cuda.so)
frame #4: <unknown function> + 0x145c0 (0x791e9142b5c0 in /root/venv/lib/python3.12/site-packages/torch/lib/libtorch.so)
frame #5: <unknown function> + 0x9caa4 (0x791e91c7eaa4 in /lib/x86_64-linux-gnu/libc.so.6)
frame #6: __clone + 0x44 (0x791e91d0ba64 in /lib/x86_64-linux-gnu/libc.so.6)

Exception raised from ncclCommWatchdog at ../torch/csrc/distributed/c10d/ProcessGroupNCCL.cpp:1601 (most recent call first):
frame #0: c10::Error::Error(c10::SourceLocation, std::string) + 0x96 (0x791e90f6c446 in /root/venv/lib/python3.12/site-packages/torch/lib/libc10.so)
frame #1: <unknown function> + 0xe7eb1b (0x791e46446b1b in /root/venv/lib/python3.12/site-packages/torch/lib/libtorch_cuda.so)
frame #2: <unknown function> + 0x145c0 (0x791e9142b5c0 in /root/venv/lib/python3.12/site-packages/torch/lib/libtorch.so)
frame #3: <unknown function> + 0x9caa4 (0x791e91c7eaa4 in /lib/x86_64-linux-gnu/libc.so.6)
frame #4: __clone + 0x44 (0x791e91d0ba64 in /lib/x86_64-linux-gnu/libc.so.6)

scripts/pod_pipeline.sh: line 18: 99948 Killed                  "$@"
=== [skip] data_sl already completed ===
=== [skip] data_puzzles already completed ===
=== [run] sl_warmstart ===
W0420 22:09:52.174000 124884 torch/distributed/run.py:793] 
W0420 22:09:52.174000 124884 torch/distributed/run.py:793] *****************************************
W0420 22:09:52.174000 124884 torch/distributed/run.py:793] Setting OMP_NUM_THREADS environment variable for each process to be 1 in default, to avoid your system being overloaded, please further tune the variable for optimal performance in your application as needed. 
W0420 22:09:52.174000 124884 torch/distributed/run.py:793] *****************************************
[W420 22:09:57.599253287 Utils.hpp:135] Warning: Environment variable NCCL_ASYNC_ERROR_HANDLING is deprecated; use TORCH_NCCL_ASYNC_ERROR_HANDLING instead (function operator())
[W420 22:09:58.939482618 Utils.hpp:135] Warning: Environment variable NCCL_ASYNC_ERROR_HANDLING is deprecated; use TORCH_NCCL_ASYNC_ERROR_HANDLING instead (function operator())
[W420 22:09:58.978384598 Utils.hpp:135] Warning: Environment variable NCCL_ASYNC_ERROR_HANDLING is deprecated; use TORCH_NCCL_ASYNC_ERROR_HANDLING instead (function operator())
[W420 22:09:58.138236522 Utils.hpp:135] Warning: Environment variable NCCL_ASYNC_ERROR_HANDLING is deprecated; use TORCH_NCCL_ASYNC_ERROR_HANDLING instead (function operator())
[W420 22:09:58.151545403 Utils.hpp:135] Warning: Environment variable NCCL_ASYNC_ERROR_HANDLING is deprecated; use TORCH_NCCL_ASYNC_ERROR_HANDLING instead (function operator())
[W420 22:09:58.161042420 Utils.hpp:135] Warning: Environment variable NCCL_ASYNC_ERROR_HANDLING is deprecated; use TORCH_NCCL_ASYNC_ERROR_HANDLING instead (function operator())
[W420 22:09:58.172809694 Utils.hpp:135] Warning: Environment variable NCCL_ASYNC_ERROR_HANDLING is deprecated; use TORCH_NCCL_ASYNC_ERROR_HANDLING instead (function operator())
[W420 22:09:58.209426217 Utils.hpp:135] Warning: Environment variable NCCL_ASYNC_ERROR_HANDLING is deprecated; use TORCH_NCCL_ASYNC_ERROR_HANDLING instead (function operator())
e8c30d931c11:124949:124949 [0] NCCL INFO Bootstrap : Using eth0:172.20.0.2<0>
e8c30d931c11:124949:124949 [0] NCCL INFO NET/Plugin: No plugin found (libnccl-net.so)
e8c30d931c11:124949:124949 [0] NCCL INFO NET/Plugin: Plugin load returned 2 : libnccl-net.so: cannot open shared object file: No such file or directory : when loading libnccl-net.so
e8c30d931c11:124949:124949 [0] NCCL INFO NET/Plugin: Using internal network plugin.
e8c30d931c11:124949:124949 [0] NCCL INFO cudaDriverVersion 13000
NCCL version 2.21.5+cuda12.4
e8c30d931c11:124952:124952 [3] NCCL INFO cudaDriverVersion 13000
e8c30d931c11:124952:124952 [3] NCCL INFO Bootstrap : Using eth0:172.20.0.2<0>
e8c30d931c11:124952:124952 [3] NCCL INFO NET/Plugin: No plugin found (libnccl-net.so)
e8c30d931c11:124952:124952 [3] NCCL INFO NET/Plugin: Plugin load returned 2 : libnccl-net.so: cannot open shared object file: No such file or directory : when loading libnccl-net.so
e8c30d931c11:124952:124952 [3] NCCL INFO NET/Plugin: Using internal network plugin.
e8c30d931c11:124951:124951 [2] NCCL INFO cudaDriverVersion 13000
e8c30d931c11:124951:124951 [2] NCCL INFO Bootstrap : Using eth0:172.20.0.2<0>
e8c30d931c11:124951:124951 [2] NCCL INFO NET/Plugin: No plugin found (libnccl-net.so)
e8c30d931c11:124951:124951 [2] NCCL INFO NET/Plugin: Plugin load returned 2 : libnccl-net.so: cannot open shared object file: No such file or directory : when loading libnccl-net.so
e8c30d931c11:124951:124951 [2] NCCL INFO NET/Plugin: Using internal network plugin.
e8c30d931c11:124956:124956 [7] NCCL INFO cudaDriverVersion 13000
e8c30d931c11:124956:124956 [7] NCCL INFO Bootstrap : Using eth0:172.20.0.2<0>
e8c30d931c11:124956:124956 [7] NCCL INFO NET/Plugin: No plugin found (libnccl-net.so)
e8c30d931c11:124956:124956 [7] NCCL INFO NET/Plugin: Plugin load returned 2 : libnccl-net.so: cannot open shared object file: No such file or directory : when loading libnccl-net.so
e8c30d931c11:124956:124956 [7] NCCL INFO NET/Plugin: Using internal network plugin.
e8c30d931c11:124949:124993 [0] NCCL INFO Failed to open libibverbs.so[.1]
e8c30d931c11:124949:124993 [0] NCCL INFO NET/Socket : Using [0]eth0:172.20.0.2<0>
e8c30d931c11:124949:124993 [0] NCCL INFO Using non-device net plugin version 0
e8c30d931c11:124949:124993 [0] NCCL INFO Using network Socket
e8c30d931c11:124952:124994 [3] NCCL INFO Failed to open libibverbs.so[.1]
e8c30d931c11:124952:124994 [3] NCCL INFO NET/Socket : Using [0]eth0:172.20.0.2<0>
e8c30d931c11:124952:124994 [3] NCCL INFO Using non-device net plugin version 0
e8c30d931c11:124952:124994 [3] NCCL INFO Using network Socket
e8c30d931c11:124954:124954 [5] NCCL INFO cudaDriverVersion 13000
e8c30d931c11:124954:124954 [5] NCCL INFO Bootstrap : Using eth0:172.20.0.2<0>
e8c30d931c11:124954:124954 [5] NCCL INFO NET/Plugin: No plugin found (libnccl-net.so)
e8c30d931c11:124954:124954 [5] NCCL INFO NET/Plugin: Plugin load returned 2 : libnccl-net.so: cannot open shared object file: No such file or directory : when loading libnccl-net.so
e8c30d931c11:124954:124954 [5] NCCL INFO NET/Plugin: Using internal network plugin.
e8c30d931c11:124950:124950 [1] NCCL INFO cudaDriverVersion 13000
e8c30d931c11:124950:124950 [1] NCCL INFO Bootstrap : Using eth0:172.20.0.2<0>
e8c30d931c11:124950:124950 [1] NCCL INFO NET/Plugin: No plugin found (libnccl-net.so)
e8c30d931c11:124950:124950 [1] NCCL INFO NET/Plugin: Plugin load returned 2 : libnccl-net.so: cannot open shared object file: No such file or directory : when loading libnccl-net.so
e8c30d931c11:124950:124950 [1] NCCL INFO NET/Plugin: Using internal network plugin.
e8c30d931c11:124951:124995 [2] NCCL INFO Failed to open libibverbs.so[.1]
e8c30d931c11:124951:124995 [2] NCCL INFO NET/Socket : Using [0]eth0:172.20.0.2<0>
e8c30d931c11:124951:124995 [2] NCCL INFO Using non-device net plugin version 0
e8c30d931c11:124951:124995 [2] NCCL INFO Using network Socket
e8c30d931c11:124953:124953 [4] NCCL INFO cudaDriverVersion 13000
e8c30d931c11:124953:124953 [4] NCCL INFO Bootstrap : Using eth0:172.20.0.2<0>
e8c30d931c11:124953:124953 [4] NCCL INFO NET/Plugin: No plugin found (libnccl-net.so)
e8c30d931c11:124953:124953 [4] NCCL INFO NET/Plugin: Plugin load returned 2 : libnccl-net.so: cannot open shared object file: No such file or directory : when loading libnccl-net.so
e8c30d931c11:124953:124953 [4] NCCL INFO NET/Plugin: Using internal network plugin.
e8c30d931c11:124955:124955 [6] NCCL INFO cudaDriverVersion 13000
e8c30d931c11:124955:124955 [6] NCCL INFO Bootstrap : Using eth0:172.20.0.2<0>
e8c30d931c11:124955:124955 [6] NCCL INFO NET/Plugin: No plugin found (libnccl-net.so)
e8c30d931c11:124955:124955 [6] NCCL INFO NET/Plugin: Plugin load returned 2 : libnccl-net.so: cannot open shared object file: No such file or directory : when loading libnccl-net.so
e8c30d931c11:124955:124955 [6] NCCL INFO NET/Plugin: Using internal network plugin.
e8c30d931c11:124956:124996 [7] NCCL INFO Failed to open libibverbs.so[.1]
e8c30d931c11:124956:124996 [7] NCCL INFO NET/Socket : Using [0]eth0:172.20.0.2<0>
e8c30d931c11:124956:124996 [7] NCCL INFO Using non-device net plugin version 0
e8c30d931c11:124956:124996 [7] NCCL INFO Using network Socket
e8c30d931c11:124953:124999 [4] NCCL INFO Failed to open libibverbs.so[.1]
e8c30d931c11:124953:124999 [4] NCCL INFO NET/Socket : Using [0]eth0:172.20.0.2<0>
e8c30d931c11:124953:124999 [4] NCCL INFO Using non-device net plugin version 0
e8c30d931c11:124953:124999 [4] NCCL INFO Using network Socket
e8c30d931c11:124950:124998 [1] NCCL INFO Failed to open libibverbs.so[.1]
e8c30d931c11:124950:124998 [1] NCCL INFO NET/Socket : Using [0]eth0:172.20.0.2<0>
e8c30d931c11:124950:124998 [1] NCCL INFO Using non-device net plugin version 0
e8c30d931c11:124950:124998 [1] NCCL INFO Using network Socket
e8c30d931c11:124954:124997 [5] NCCL INFO Failed to open libibverbs.so[.1]
e8c30d931c11:124954:124997 [5] NCCL INFO NET/Socket : Using [0]eth0:172.20.0.2<0>
e8c30d931c11:124954:124997 [5] NCCL INFO Using non-device net plugin version 0
e8c30d931c11:124954:124997 [5] NCCL INFO Using network Socket
e8c30d931c11:124955:125000 [6] NCCL INFO Failed to open libibverbs.so[.1]
e8c30d931c11:124955:125000 [6] NCCL INFO NET/Socket : Using [0]eth0:172.20.0.2<0>
e8c30d931c11:124955:125000 [6] NCCL INFO Using non-device net plugin version 0
e8c30d931c11:124955:125000 [6] NCCL INFO Using network Socket
e8c30d931c11:124953:124999 [4] NCCL INFO ncclCommInitRank comm 0x1df09e00 rank 4 nranks 8 cudaDev 4 nvmlDev 4 busId 9b000 commId 0xde388cce4d303c76 - Init START
e8c30d931c11:124954:124997 [5] NCCL INFO ncclCommInitRank comm 0x240e5ae0 rank 5 nranks 8 cudaDev 5 nvmlDev 5 busId bb000 commId 0xde388cce4d303c76 - Init START
e8c30d931c11:124951:124995 [2] NCCL INFO ncclCommInitRank comm 0x2be9bb90 rank 2 nranks 8 cudaDev 2 nvmlDev 2 busId 4c000 commId 0xde388cce4d303c76 - Init START
e8c30d931c11:124950:124998 [1] NCCL INFO ncclCommInitRank comm 0x1b299e20 rank 1 nranks 8 cudaDev 1 nvmlDev 1 busId 3b000 commId 0xde388cce4d303c76 - Init START
e8c30d931c11:124956:124996 [7] NCCL INFO ncclCommInitRank comm 0xbcba000 rank 7 nranks 8 cudaDev 7 nvmlDev 7 busId db000 commId 0xde388cce4d303c76 - Init START
e8c30d931c11:124955:125000 [6] NCCL INFO ncclCommInitRank comm 0x15095d60 rank 6 nranks 8 cudaDev 6 nvmlDev 6 busId cb000 commId 0xde388cce4d303c76 - Init START
e8c30d931c11:124949:124993 [0] NCCL INFO ncclCommInitRank comm 0x3c05d940 rank 0 nranks 8 cudaDev 0 nvmlDev 0 busId 19000 commId 0xde388cce4d303c76 - Init START
e8c30d931c11:124952:124994 [3] NCCL INFO ncclCommInitRank comm 0x4361bce0 rank 3 nranks 8 cudaDev 3 nvmlDev 3 busId 5d000 commId 0xde388cce4d303c76 - Init START
e8c30d931c11:124956:124996 [7] NCCL INFO MNNVL busId 0xdb000 fabric UUID 0.0 cliqueId 0x0 state 3 healthMask 0x0
e8c30d931c11:124954:124997 [5] NCCL INFO MNNVL busId 0xbb000 fabric UUID 0.0 cliqueId 0x0 state 3 healthMask 0x0
e8c30d931c11:124951:124995 [2] NCCL INFO MNNVL busId 0x4c000 fabric UUID 0.0 cliqueId 0x0 state 3 healthMask 0x0
e8c30d931c11:124950:124998 [1] NCCL INFO MNNVL busId 0x3b000 fabric UUID 0.0 cliqueId 0x0 state 3 healthMask 0x0
e8c30d931c11:124953:124999 [4] NCCL INFO MNNVL busId 0x9b000 fabric UUID 0.0 cliqueId 0x0 state 3 healthMask 0x0
e8c30d931c11:124949:124993 [0] NCCL INFO MNNVL busId 0x19000 fabric UUID 0.0 cliqueId 0x0 state 3 healthMask 0x0
e8c30d931c11:124955:125000 [6] NCCL INFO MNNVL busId 0xcb000 fabric UUID 0.0 cliqueId 0x0 state 3 healthMask 0x0
e8c30d931c11:124952:124994 [3] NCCL INFO MNNVL busId 0x5d000 fabric UUID 0.0 cliqueId 0x0 state 3 healthMask 0x0
e8c30d931c11:124956:124996 [7] NCCL INFO NCCL_P2P_LEVEL set by environment to LOC
e8c30d931c11:124956:124996 [7] NCCL INFO NCCL_SHM_DISABLE set by environment to 0.
e8c30d931c11:124956:124996 [7] NCCL INFO Setting affinity for GPU 7 to ffffffff,ffffff00,00000000,0000ffff,ffffffff,ff000000,00000000
e8c30d931c11:124956:124996 [7] NCCL INFO NVLS multicast support is available on dev 7
e8c30d931c11:124953:124999 [4] NCCL INFO NCCL_P2P_LEVEL set by environment to LOC
e8c30d931c11:124953:124999 [4] NCCL INFO NCCL_SHM_DISABLE set by environment to 0.
e8c30d931c11:124953:124999 [4] NCCL INFO Setting affinity for GPU 4 to ffffffff,ffffff00,00000000,0000ffff,ffffffff,ff000000,00000000
e8c30d931c11:124953:124999 [4] NCCL INFO NVLS multicast support is available on dev 4
e8c30d931c11:124951:124995 [2] NCCL INFO NCCL_P2P_LEVEL set by environment to LOC
e8c30d931c11:124951:124995 [2] NCCL INFO NCCL_SHM_DISABLE set by environment to 0.
e8c30d931c11:124951:124995 [2] NCCL INFO Setting affinity for GPU 2 to ff,ffffffff,ffff0000,00000000,00ffffff,ffffffff
e8c30d931c11:124951:124995 [2] NCCL INFO NVLS multicast support is available on dev 2
e8c30d931c11:124955:125000 [6] NCCL INFO NCCL_P2P_LEVEL set by environment to LOC
e8c30d931c11:124955:125000 [6] NCCL INFO NCCL_SHM_DISABLE set by environment to 0.
e8c30d931c11:124955:125000 [6] NCCL INFO Setting affinity for GPU 6 to ffffffff,ffffff00,00000000,0000ffff,ffffffff,ff000000,00000000
e8c30d931c11:124955:125000 [6] NCCL INFO NVLS multicast support is available on dev 6
e8c30d931c11:124952:124994 [3] NCCL INFO NCCL_P2P_LEVEL set by environment to LOC
e8c30d931c11:124952:124994 [3] NCCL INFO NCCL_SHM_DISABLE set by environment to 0.
e8c30d931c11:124952:124994 [3] NCCL INFO Setting affinity for GPU 3 to ff,ffffffff,ffff0000,00000000,00ffffff,ffffffff
e8c30d931c11:124952:124994 [3] NCCL INFO NVLS multicast support is available on dev 3
e8c30d931c11:124949:124993 [0] NCCL INFO NCCL_P2P_LEVEL set by environment to LOC
e8c30d931c11:124949:124993 [0] NCCL INFO NCCL_SHM_DISABLE set by environment to 0.
e8c30d931c11:124954:124997 [5] NCCL INFO NCCL_P2P_LEVEL set by environment to LOC
e8c30d931c11:124954:124997 [5] NCCL INFO NCCL_SHM_DISABLE set by environment to 0.
e8c30d931c11:124949:124993 [0] NCCL INFO Setting affinity for GPU 0 to ff,ffffffff,ffff0000,00000000,00ffffff,ffffffff
e8c30d931c11:124949:124993 [0] NCCL INFO NVLS multicast support is available on dev 0
e8c30d931c11:124950:124998 [1] NCCL INFO NCCL_P2P_LEVEL set by environment to LOC
e8c30d931c11:124954:124997 [5] NCCL INFO Setting affinity for GPU 5 to ffffffff,ffffff00,00000000,0000ffff,ffffffff,ff000000,00000000
e8c30d931c11:124954:124997 [5] NCCL INFO NVLS multicast support is available on dev 5
e8c30d931c11:124950:124998 [1] NCCL INFO NCCL_SHM_DISABLE set by environment to 0.
e8c30d931c11:124950:124998 [1] NCCL INFO Setting affinity for GPU 1 to ff,ffffffff,ffff0000,00000000,00ffffff,ffffffff
e8c30d931c11:124950:124998 [1] NCCL INFO NVLS multicast support is available on dev 1
e8c30d931c11:124949:124993 [0] NCCL INFO comm 0x3c05d940 rank 0 nRanks 8 nNodes 1 localRanks 8 localRank 0 MNNVL 0
e8c30d931c11:124956:124996 [7] NCCL INFO comm 0xbcba000 rank 7 nRanks 8 nNodes 1 localRanks 8 localRank 7 MNNVL 0
e8c30d931c11:124949:124993 [0] NCCL INFO Channel 00/16 :    0   1   2   3   4   5   6   7
e8c30d931c11:124949:124993 [0] NCCL INFO Channel 01/16 :    0   1   2   3   4   5   6   7
e8c30d931c11:124949:124993 [0] NCCL INFO Channel 02/16 :    0   1   2   3   4   5   6   7
e8c30d931c11:124949:124993 [0] NCCL INFO Channel 03/16 :    0   1   2   3   4   5   6   7
e8c30d931c11:124954:124997 [5] NCCL INFO comm 0x240e5ae0 rank 5 nRanks 8 nNodes 1 localRanks 8 localRank 5 MNNVL 0
e8c30d931c11:124955:125000 [6] NCCL INFO comm 0x15095d60 rank 6 nRanks 8 nNodes 1 localRanks 8 localRank 6 MNNVL 0
e8c30d931c11:124949:124993 [0] NCCL INFO Channel 04/16 :    0   1   2   3   4   5   6   7
e8c30d931c11:124956:124996 [7] NCCL INFO Trees [0] -1/-1/-1->7->6 [1] -1/-1/-1->7->6 [2] -1/-1/-1->7->6 [3] -1/-1/-1->7->6 [4] -1/-1/-1->7->6 [5] -1/-1/-1->7->6 [6] -1/-1/-1->7->6 [7] -1/-1/-1->7->6 [8] -1/-1/-1->7->6 [9] -1/-1/-1->7->6 [10] -1/-1/-1->7->6 [11] -1/-1/-1->7->6 [12] -1/-1/-1->7->6 [13] -1/-1/-1->7->6 [14] -1/-1/-1->7->6 [15] -1/-1/-1->7->6
e8c30d931c11:124949:124993 [0] NCCL INFO Channel 05/16 :    0   1   2   3   4   5   6   7
e8c30d931c11:124956:124996 [7] NCCL INFO P2P Chunksize set to 131072
e8c30d931c11:124949:124993 [0] NCCL INFO Channel 06/16 :    0   1   2   3   4   5   6   7
e8c30d931c11:124949:124993 [0] NCCL INFO Channel 07/16 :    0   1   2   3   4   5   6   7
e8c30d931c11:124949:124993 [0] NCCL INFO Channel 08/16 :    0   1   2   3   4   5   6   7
e8c30d931c11:124951:124995 [2] NCCL INFO comm 0x2be9bb90 rank 2 nRanks 8 nNodes 1 localRanks 8 localRank 2 MNNVL 0
e8c30d931c11:124949:124993 [0] NCCL INFO Channel 09/16 :    0   1   2   3   4   5   6   7
e8c30d931c11:124950:124998 [1] NCCL INFO comm 0x1b299e20 rank 1 nRanks 8 nNodes 1 localRanks 8 localRank 1 MNNVL 0
e8c30d931c11:124949:124993 [0] NCCL INFO Channel 10/16 :    0   1   2   3   4   5   6   7
e8c30d931c11:124954:124997 [5] NCCL INFO Trees [0] 6/-1/-1->5->4 [1] 6/-1/-1->5->4 [2] 6/-1/-1->5->4 [3] 6/-1/-1->5->4 [4] 6/-1/-1->5->4 [5] 6/-1/-1->5->4 [6] 6/-1/-1->5->4 [7] 6/-1/-1->5->4 [8] 6/-1/-1->5->4 [9] 6/-1/-1->5->4 [10] 6/-1/-1->5->4 [11] 6/-1/-1->5->4 [12] 6/-1/-1->5->4 [13] 6/-1/-1->5->4 [14] 6/-1/-1->5->4 [15] 6/-1/-1->5->4
e8c30d931c11:124949:124993 [0] NCCL INFO Channel 11/16 :    0   1   2   3   4   5   6   7
e8c30d931c11:124952:124994 [3] NCCL INFO comm 0x4361bce0 rank 3 nRanks 8 nNodes 1 localRanks 8 localRank 3 MNNVL 0
e8c30d931c11:124953:124999 [4] NCCL INFO comm 0x1df09e00 rank 4 nRanks 8 nNodes 1 localRanks 8 localRank 4 MNNVL 0
e8c30d931c11:124954:124997 [5] NCCL INFO P2P Chunksize set to 131072
e8c30d931c11:124949:124993 [0] NCCL INFO Channel 12/16 :    0   1   2   3   4   5   6   7
e8c30d931c11:124949:124993 [0] NCCL INFO Channel 13/16 :    0   1   2   3   4   5   6   7
e8c30d931c11:124949:124993 [0] NCCL INFO Channel 14/16 :    0   1   2   3   4   5   6   7
e8c30d931c11:124949:124993 [0] NCCL INFO Channel 15/16 :    0   1   2   3   4   5   6   7
e8c30d931c11:124949:124993 [0] NCCL INFO Trees [0] 1/-1/-1->0->-1 [1] 1/-1/-1->0->-1 [2] 1/-1/-1->0->-1 [3] 1/-1/-1->0->-1 [4] 1/-1/-1->0->-1 [5] 1/-1/-1->0->-1 [6] 1/-1/-1->0->-1 [7] 1/-1/-1->0->-1 [8] 1/-1/-1->0->-1 [9] 1/-1/-1->0->-1 [10] 1/-1/-1->0->-1 [11] 1/-1/-1->0->-1 [12] 1/-1/-1->0->-1 [13] 1/-1/-1->0->-1 [14] 1/-1/-1->0->-1 [15] 1/-1/-1->0->-1
e8c30d931c11:124949:124993 [0] NCCL INFO P2P Chunksize set to 131072
e8c30d931c11:124955:125000 [6] NCCL INFO Trees [0] 7/-1/-1->6->5 [1] 7/-1/-1->6->5 [2] 7/-1/-1->6->5 [3] 7/-1/-1->6->5 [4] 7/-1/-1->6->5 [5] 7/-1/-1->6->5 [6] 7/-1/-1->6->5 [7] 7/-1/-1->6->5 [8] 7/-1/-1->6->5 [9] 7/-1/-1->6->5 [10] 7/-1/-1->6->5 [11] 7/-1/-1->6->5 [12] 7/-1/-1->6->5 [13] 7/-1/-1->6->5 [14] 7/-1/-1->6->5 [15] 7/-1/-1->6->5
e8c30d931c11:124955:125000 [6] NCCL INFO P2P Chunksize set to 131072
e8c30d931c11:124953:124999 [4] NCCL INFO Trees [0] 5/-1/-1->4->3 [1] 5/-1/-1->4->3 [2] 5/-1/-1->4->3 [3] 5/-1/-1->4->3 [4] 5/-1/-1->4->3 [5] 5/-1/-1->4->3 [6] 5/-1/-1->4->3 [7] 5/-1/-1->4->3 [8] 5/-1/-1->4->3 [9] 5/-1/-1->4->3 [10] 5/-1/-1->4->3 [11] 5/-1/-1->4->3 [12] 5/-1/-1->4->3 [13] 5/-1/-1->4->3 [14] 5/-1/-1->4->3 [15] 5/-1/-1->4->3
e8c30d931c11:124951:124995 [2] NCCL INFO Trees [0] 3/-1/-1->2->1 [1] 3/-1/-1->2->1 [2] 3/-1/-1->2->1 [3] 3/-1/-1->2->1 [4] 3/-1/-1->2->1 [5] 3/-1/-1->2->1 [6] 3/-1/-1->2->1 [7] 3/-1/-1->2->1 [8] 3/-1/-1->2->1 [9] 3/-1/-1->2->1 [10] 3/-1/-1->2->1 [11] 3/-1/-1->2->1 [12] 3/-1/-1->2->1 [13] 3/-1/-1->2->1 [14] 3/-1/-1->2->1 [15] 3/-1/-1->2->1
e8c30d931c11:124953:124999 [4] NCCL INFO P2P Chunksize set to 131072
e8c30d931c11:124951:124995 [2] NCCL INFO P2P Chunksize set to 131072
e8c30d931c11:124950:124998 [1] NCCL INFO Trees [0] 2/-1/-1->1->0 [1] 2/-1/-1->1->0 [2] 2/-1/-1->1->0 [3] 2/-1/-1->1->0 [4] 2/-1/-1->1->0 [5] 2/-1/-1->1->0 [6] 2/-1/-1->1->0 [7] 2/-1/-1->1->0 [8] 2/-1/-1->1->0 [9] 2/-1/-1->1->0 [10] 2/-1/-1->1->0 [11] 2/-1/-1->1->0 [12] 2/-1/-1->1->0 [13] 2/-1/-1->1->0 [14] 2/-1/-1->1->0 [15] 2/-1/-1->1->0
e8c30d931c11:124950:124998 [1] NCCL INFO P2P Chunksize set to 131072
e8c30d931c11:124952:124994 [3] NCCL INFO Trees [0] 4/-1/-1->3->2 [1] 4/-1/-1->3->2 [2] 4/-1/-1->3->2 [3] 4/-1/-1->3->2 [4] 4/-1/-1->3->2 [5] 4/-1/-1->3->2 [6] 4/-1/-1->3->2 [7] 4/-1/-1->3->2 [8] 4/-1/-1->3->2 [9] 4/-1/-1->3->2 [10] 4/-1/-1->3->2 [11] 4/-1/-1->3->2 [12] 4/-1/-1->3->2 [13] 4/-1/-1->3->2 [14] 4/-1/-1->3->2 [15] 4/-1/-1->3->2
e8c30d931c11:124952:124994 [3] NCCL INFO P2P Chunksize set to 131072
e8c30d931c11:124954:124997 [5] NCCL INFO Channel 00 : 5[5] -> 6[6] via SHM/direct/direct
e8c30d931c11:124954:124997 [5] NCCL INFO Channel 01 : 5[5] -> 6[6] via SHM/direct/direct
e8c30d931c11:124954:124997 [5] NCCL INFO Channel 02 : 5[5] -> 6[6] via SHM/direct/direct
e8c30d931c11:124954:124997 [5] NCCL INFO Channel 03 : 5[5] -> 6[6] via SHM/direct/direct
e8c30d931c11:124954:124997 [5] NCCL INFO Channel 04 : 5[5] -> 6[6] via SHM/direct/direct
e8c30d931c11:124954:124997 [5] NCCL INFO Channel 05 : 5[5] -> 6[6] via SHM/direct/direct
e8c30d931c11:124954:124997 [5] NCCL INFO Channel 06 : 5[5] -> 6[6] via SHM/direct/direct
e8c30d931c11:124954:124997 [5] NCCL INFO Channel 07 : 5[5] -> 6[6] via SHM/direct/direct
e8c30d931c11:124954:124997 [5] NCCL INFO Channel 08 : 5[5] -> 6[6] via SHM/direct/direct
e8c30d931c11:124954:124997 [5] NCCL INFO Channel 09 : 5[5] -> 6[6] via SHM/direct/direct
e8c30d931c11:124954:124997 [5] NCCL INFO Channel 10 : 5[5] -> 6[6] via SHM/direct/direct
e8c30d931c11:124954:124997 [5] NCCL INFO Channel 11 : 5[5] -> 6[6] via SHM/direct/direct
e8c30d931c11:124954:124997 [5] NCCL INFO Channel 12 : 5[5] -> 6[6] via SHM/direct/direct
e8c30d931c11:124954:124997 [5] NCCL INFO Channel 13 : 5[5] -> 6[6] via SHM/direct/direct
e8c30d931c11:124954:124997 [5] NCCL INFO Channel 14 : 5[5] -> 6[6] via SHM/direct/direct
e8c30d931c11:124954:124997 [5] NCCL INFO Channel 15 : 5[5] -> 6[6] via SHM/direct/direct
e8c30d931c11:124956:124996 [7] NCCL INFO Channel 00 : 7[7] -> 0[0] via SHM/direct/direct
e8c30d931c11:124956:124996 [7] NCCL INFO Channel 01 : 7[7] -> 0[0] via SHM/direct/direct
e8c30d931c11:124956:124996 [7] NCCL INFO Channel 02 : 7[7] -> 0[0] via SHM/direct/direct
e8c30d931c11:124956:124996 [7] NCCL INFO Channel 03 : 7[7] -> 0[0] via SHM/direct/direct
e8c30d931c11:124956:124996 [7] NCCL INFO Channel 04 : 7[7] -> 0[0] via SHM/direct/direct
e8c30d931c11:124956:124996 [7] NCCL INFO Channel 05 : 7[7] -> 0[0] via SHM/direct/direct
e8c30d931c11:124956:124996 [7] NCCL INFO Channel 06 : 7[7] -> 0[0] via SHM/direct/direct
e8c30d931c11:124956:124996 [7] NCCL INFO Channel 07 : 7[7] -> 0[0] via SHM/direct/direct
e8c30d931c11:124956:124996 [7] NCCL INFO Channel 08 : 7[7] -> 0[0] via SHM/direct/direct
e8c30d931c11:124956:124996 [7] NCCL INFO Channel 09 : 7[7] -> 0[0] via SHM/direct/direct
e8c30d931c11:124956:124996 [7] NCCL INFO Channel 10 : 7[7] -> 0[0] via SHM/direct/direct
e8c30d931c11:124956:124996 [7] NCCL INFO Channel 11 : 7[7] -> 0[0] via SHM/direct/direct
e8c30d931c11:124956:124996 [7] NCCL INFO Channel 12 : 7[7] -> 0[0] via SHM/direct/direct
e8c30d931c11:124956:124996 [7] NCCL INFO Channel 13 : 7[7] -> 0[0] via SHM/direct/direct
e8c30d931c11:124956:124996 [7] NCCL INFO Channel 14 : 7[7] -> 0[0] via SHM/direct/direct
e8c30d931c11:124956:124996 [7] NCCL INFO Channel 15 : 7[7] -> 0[0] via SHM/direct/direct
e8c30d931c11:124955:125000 [6] NCCL INFO Channel 00 : 6[6] -> 7[7] via SHM/direct/direct
e8c30d931c11:124953:124999 [4] NCCL INFO Channel 00 : 4[4] -> 5[5] via SHM/direct/direct
e8c30d931c11:124955:125000 [6] NCCL INFO Channel 01 : 6[6] -> 7[7] via SHM/direct/direct
e8c30d931c11:124953:124999 [4] NCCL INFO Channel 01 : 4[4] -> 5[5] via SHM/direct/direct
e8c30d931c11:124955:125000 [6] NCCL INFO Channel 02 : 6[6] -> 7[7] via SHM/direct/direct
e8c30d931c11:124953:124999 [4] NCCL INFO Channel 02 : 4[4] -> 5[5] via SHM/direct/direct
e8c30d931c11:124955:125000 [6] NCCL INFO Channel 03 : 6[6] -> 7[7] via SHM/direct/direct
e8c30d931c11:124953:124999 [4] NCCL INFO Channel 03 : 4[4] -> 5[5] via SHM/direct/direct
e8c30d931c11:124955:125000 [6] NCCL INFO Channel 04 : 6[6] -> 7[7] via SHM/direct/direct
e8c30d931c11:124953:124999 [4] NCCL INFO Channel 04 : 4[4] -> 5[5] via SHM/direct/direct
e8c30d931c11:124955:125000 [6] NCCL INFO Channel 05 : 6[6] -> 7[7] via SHM/direct/direct
e8c30d931c11:124953:124999 [4] NCCL INFO Channel 05 : 4[4] -> 5[5] via SHM/direct/direct
e8c30d931c11:124955:125000 [6] NCCL INFO Channel 06 : 6[6] -> 7[7] via SHM/direct/direct
e8c30d931c11:124953:124999 [4] NCCL INFO Channel 06 : 4[4] -> 5[5] via SHM/direct/direct
e8c30d931c11:124955:125000 [6] NCCL INFO Channel 07 : 6[6] -> 7[7] via SHM/direct/direct
e8c30d931c11:124953:124999 [4] NCCL INFO Channel 07 : 4[4] -> 5[5] via SHM/direct/direct
e8c30d931c11:124955:125000 [6] NCCL INFO Channel 08 : 6[6] -> 7[7] via SHM/direct/direct
e8c30d931c11:124953:124999 [4] NCCL INFO Channel 08 : 4[4] -> 5[5] via SHM/direct/direct
e8c30d931c11:124955:125000 [6] NCCL INFO Channel 09 : 6[6] -> 7[7] via SHM/direct/direct
e8c30d931c11:124953:124999 [4] NCCL INFO Channel 09 : 4[4] -> 5[5] via SHM/direct/direct
e8c30d931c11:124955:125000 [6] NCCL INFO Channel 10 : 6[6] -> 7[7] via SHM/direct/direct
e8c30d931c11:124953:124999 [4] NCCL INFO Channel 10 : 4[4] -> 5[5] via SHM/direct/direct
e8c30d931c11:124955:125000 [6] NCCL INFO Channel 11 : 6[6] -> 7[7] via SHM/direct/direct
e8c30d931c11:124953:124999 [4] NCCL INFO Channel 11 : 4[4] -> 5[5] via SHM/direct/direct
e8c30d931c11:124955:125000 [6] NCCL INFO Channel 12 : 6[6] -> 7[7] via SHM/direct/direct
e8c30d931c11:124953:124999 [4] NCCL INFO Channel 12 : 4[4] -> 5[5] via SHM/direct/direct
e8c30d931c11:124955:125000 [6] NCCL INFO Channel 13 : 6[6] -> 7[7] via SHM/direct/direct
e8c30d931c11:124953:124999 [4] NCCL INFO Channel 13 : 4[4] -> 5[5] via SHM/direct/direct
e8c30d931c11:124955:125000 [6] NCCL INFO Channel 14 : 6[6] -> 7[7] via SHM/direct/direct
e8c30d931c11:124953:124999 [4] NCCL INFO Channel 14 : 4[4] -> 5[5] via SHM/direct/direct
e8c30d931c11:124955:125000 [6] NCCL INFO Channel 15 : 6[6] -> 7[7] via SHM/direct/direct
e8c30d931c11:124953:124999 [4] NCCL INFO Channel 15 : 4[4] -> 5[5] via SHM/direct/direct
e8c30d931c11:124949:124993 [0] NCCL INFO Channel 00 : 0[0] -> 1[1] via SHM/direct/direct
e8c30d931c11:124949:124993 [0] NCCL INFO Channel 01 : 0[0] -> 1[1] via SHM/direct/direct
e8c30d931c11:124949:124993 [0] NCCL INFO Channel 02 : 0[0] -> 1[1] via SHM/direct/direct
e8c30d931c11:124949:124993 [0] NCCL INFO Channel 03 : 0[0] -> 1[1] via SHM/direct/direct
e8c30d931c11:124949:124993 [0] NCCL INFO Channel 04 : 0[0] -> 1[1] via SHM/direct/direct
e8c30d931c11:124949:124993 [0] NCCL INFO Channel 05 : 0[0] -> 1[1] via SHM/direct/direct
e8c30d931c11:124951:124995 [2] NCCL INFO Channel 00 : 2[2] -> 3[3] via SHM/direct/direct
e8c30d931c11:124949:124993 [0] NCCL INFO Channel 06 : 0[0] -> 1[1] via SHM/direct/direct
e8c30d931c11:124951:124995 [2] NCCL INFO Channel 01 : 2[2] -> 3[3] via SHM/direct/direct
e8c30d931c11:124949:124993 [0] NCCL INFO Channel 07 : 0[0] -> 1[1] via SHM/direct/direct
e8c30d931c11:124951:124995 [2] NCCL INFO Channel 02 : 2[2] -> 3[3] via SHM/direct/direct
e8c30d931c11:124949:124993 [0] NCCL INFO Channel 08 : 0[0] -> 1[1] via SHM/direct/direct
e8c30d931c11:124951:124995 [2] NCCL INFO Channel 03 : 2[2] -> 3[3] via SHM/direct/direct
e8c30d931c11:124949:124993 [0] NCCL INFO Channel 09 : 0[0] -> 1[1] via SHM/direct/direct
e8c30d931c11:124951:124995 [2] NCCL INFO Channel 04 : 2[2] -> 3[3] via SHM/direct/direct
e8c30d931c11:124949:124993 [0] NCCL INFO Channel 10 : 0[0] -> 1[1] via SHM/direct/direct
e8c30d931c11:124951:124995 [2] NCCL INFO Channel 05 : 2[2] -> 3[3] via SHM/direct/direct
e8c30d931c11:124949:124993 [0] NCCL INFO Channel 11 : 0[0] -> 1[1] via SHM/direct/direct
e8c30d931c11:124951:124995 [2] NCCL INFO Channel 06 : 2[2] -> 3[3] via SHM/direct/direct
e8c30d931c11:124949:124993 [0] NCCL INFO Channel 12 : 0[0] -> 1[1] via SHM/direct/direct
e8c30d931c11:124951:124995 [2] NCCL INFO Channel 07 : 2[2] -> 3[3] via SHM/direct/direct
e8c30d931c11:124949:124993 [0] NCCL INFO Channel 13 : 0[0] -> 1[1] via SHM/direct/direct
e8c30d931c11:124949:124993 [0] NCCL INFO Channel 14 : 0[0] -> 1[1] via SHM/direct/direct
e8c30d931c11:124951:124995 [2] NCCL INFO Channel 08 : 2[2] -> 3[3] via SHM/direct/direct
e8c30d931c11:124949:124993 [0] NCCL INFO Channel 15 : 0[0] -> 1[1] via SHM/direct/direct
e8c30d931c11:124951:124995 [2] NCCL INFO Channel 09 : 2[2] -> 3[3] via SHM/direct/direct
e8c30d931c11:124951:124995 [2] NCCL INFO Channel 10 : 2[2] -> 3[3] via SHM/direct/direct
e8c30d931c11:124951:124995 [2] NCCL INFO Channel 11 : 2[2] -> 3[3] via SHM/direct/direct
e8c30d931c11:124951:124995 [2] NCCL INFO Channel 12 : 2[2] -> 3[3] via SHM/direct/direct
e8c30d931c11:124951:124995 [2] NCCL INFO Channel 13 : 2[2] -> 3[3] via SHM/direct/direct
e8c30d931c11:124951:124995 [2] NCCL INFO Channel 14 : 2[2] -> 3[3] via SHM/direct/direct
e8c30d931c11:124951:124995 [2] NCCL INFO Channel 15 : 2[2] -> 3[3] via SHM/direct/direct
e8c30d931c11:124952:124994 [3] NCCL INFO Channel 00 : 3[3] -> 4[4] via SHM/direct/direct
e8c30d931c11:124952:124994 [3] NCCL INFO Channel 01 : 3[3] -> 4[4] via SHM/direct/direct
e8c30d931c11:124950:124998 [1] NCCL INFO Channel 00 : 1[1] -> 2[2] via SHM/direct/direct
e8c30d931c11:124952:124994 [3] NCCL INFO Channel 02 : 3[3] -> 4[4] via SHM/direct/direct
e8c30d931c11:124950:124998 [1] NCCL INFO Channel 01 : 1[1] -> 2[2] via SHM/direct/direct
e8c30d931c11:124952:124994 [3] NCCL INFO Channel 03 : 3[3] -> 4[4] via SHM/direct/direct
e8c30d931c11:124950:124998 [1] NCCL INFO Channel 02 : 1[1] -> 2[2] via SHM/direct/direct
e8c30d931c11:124952:124994 [3] NCCL INFO Channel 04 : 3[3] -> 4[4] via SHM/direct/direct
e8c30d931c11:124950:124998 [1] NCCL INFO Channel 03 : 1[1] -> 2[2] via SHM/direct/direct
e8c30d931c11:124952:124994 [3] NCCL INFO Channel 05 : 3[3] -> 4[4] via SHM/direct/direct
e8c30d931c11:124950:124998 [1] NCCL INFO Channel 04 : 1[1] -> 2[2] via SHM/direct/direct
e8c30d931c11:124952:124994 [3] NCCL INFO Channel 06 : 3[3] -> 4[4] via SHM/direct/direct
e8c30d931c11:124950:124998 [1] NCCL INFO Channel 05 : 1[1] -> 2[2] via SHM/direct/direct
e8c30d931c11:124952:124994 [3] NCCL INFO Channel 07 : 3[3] -> 4[4] via SHM/direct/direct
e8c30d931c11:124950:124998 [1] NCCL INFO Channel 06 : 1[1] -> 2[2] via SHM/direct/direct
e8c30d931c11:124952:124994 [3] NCCL INFO Channel 08 : 3[3] -> 4[4] via SHM/direct/direct
e8c30d931c11:124950:124998 [1] NCCL INFO Channel 07 : 1[1] -> 2[2] via SHM/direct/direct
e8c30d931c11:124952:124994 [3] NCCL INFO Channel 09 : 3[3] -> 4[4] via SHM/direct/direct
e8c30d931c11:124950:124998 [1] NCCL INFO Channel 08 : 1[1] -> 2[2] via SHM/direct/direct
e8c30d931c11:124952:124994 [3] NCCL INFO Channel 10 : 3[3] -> 4[4] via SHM/direct/direct
e8c30d931c11:124950:124998 [1] NCCL INFO Channel 09 : 1[1] -> 2[2] via SHM/direct/direct
e8c30d931c11:124952:124994 [3] NCCL INFO Channel 11 : 3[3] -> 4[4] via SHM/direct/direct
e8c30d931c11:124950:124998 [1] NCCL INFO Channel 10 : 1[1] -> 2[2] via SHM/direct/direct
e8c30d931c11:124952:124994 [3] NCCL INFO Channel 12 : 3[3] -> 4[4] via SHM/direct/direct
e8c30d931c11:124950:124998 [1] NCCL INFO Channel 11 : 1[1] -> 2[2] via SHM/direct/direct
e8c30d931c11:124952:124994 [3] NCCL INFO Channel 13 : 3[3] -> 4[4] via SHM/direct/direct
e8c30d931c11:124950:124998 [1] NCCL INFO Channel 12 : 1[1] -> 2[2] via SHM/direct/direct
e8c30d931c11:124952:124994 [3] NCCL INFO Channel 14 : 3[3] -> 4[4] via SHM/direct/direct
e8c30d931c11:124950:124998 [1] NCCL INFO Channel 13 : 1[1] -> 2[2] via SHM/direct/direct
e8c30d931c11:124952:124994 [3] NCCL INFO Channel 15 : 3[3] -> 4[4] via SHM/direct/direct
e8c30d931c11:124950:124998 [1] NCCL INFO Channel 14 : 1[1] -> 2[2] via SHM/direct/direct
e8c30d931c11:124950:124998 [1] NCCL INFO Channel 15 : 1[1] -> 2[2] via SHM/direct/direct
e8c30d931c11:124955:125000 [6] NCCL INFO Connected all rings
e8c30d931c11:124950:124998 [1] NCCL INFO Connected all rings
e8c30d931c11:124956:124996 [7] NCCL INFO Connected all rings
e8c30d931c11:124949:124993 [0] NCCL INFO Connected all rings
e8c30d931c11:124956:124996 [7] NCCL INFO Channel 00 : 7[7] -> 6[6] via SHM/direct/direct
e8c30d931c11:124956:124996 [7] NCCL INFO Channel 01 : 7[7] -> 6[6] via SHM/direct/direct
e8c30d931c11:124956:124996 [7] NCCL INFO Channel 02 : 7[7] -> 6[6] via SHM/direct/direct
e8c30d931c11:124956:124996 [7] NCCL INFO Channel 03 : 7[7] -> 6[6] via SHM/direct/direct
e8c30d931c11:124956:124996 [7] NCCL INFO Channel 04 : 7[7] -> 6[6] via SHM/direct/direct
e8c30d931c11:124956:124996 [7] NCCL INFO Channel 05 : 7[7] -> 6[6] via SHM/direct/direct
e8c30d931c11:124956:124996 [7] NCCL INFO Channel 06 : 7[7] -> 6[6] via SHM/direct/direct
e8c30d931c11:124956:124996 [7] NCCL INFO Channel 07 : 7[7] -> 6[6] via SHM/direct/direct
e8c30d931c11:124956:124996 [7] NCCL INFO Channel 08 : 7[7] -> 6[6] via SHM/direct/direct
e8c30d931c11:124956:124996 [7] NCCL INFO Channel 09 : 7[7] -> 6[6] via SHM/direct/direct
e8c30d931c11:124956:124996 [7] NCCL INFO Channel 10 : 7[7] -> 6[6] via SHM/direct/direct
e8c30d931c11:124956:124996 [7] NCCL INFO Channel 11 : 7[7] -> 6[6] via SHM/direct/direct
e8c30d931c11:124954:124997 [5] NCCL INFO Connected all rings
e8c30d931c11:124956:124996 [7] NCCL INFO Channel 12 : 7[7] -> 6[6] via SHM/direct/direct
e8c30d931c11:124956:124996 [7] NCCL INFO Channel 13 : 7[7] -> 6[6] via SHM/direct/direct
e8c30d931c11:124953:124999 [4] NCCL INFO Connected all rings
e8c30d931c11:124951:124995 [2] NCCL INFO Connected all rings
e8c30d931c11:124952:124994 [3] NCCL INFO Connected all rings
e8c30d931c11:124956:124996 [7] NCCL INFO Channel 14 : 7[7] -> 6[6] via SHM/direct/direct
e8c30d931c11:124956:124996 [7] NCCL INFO Channel 15 : 7[7] -> 6[6] via SHM/direct/direct
e8c30d931c11:124955:125000 [6] NCCL INFO Channel 00 : 6[6] -> 5[5] via SHM/direct/direct
e8c30d931c11:124955:125000 [6] NCCL INFO Channel 01 : 6[6] -> 5[5] via SHM/direct/direct
e8c30d931c11:124955:125000 [6] NCCL INFO Channel 02 : 6[6] -> 5[5] via SHM/direct/direct
e8c30d931c11:124955:125000 [6] NCCL INFO Channel 03 : 6[6] -> 5[5] via SHM/direct/direct
e8c30d931c11:124955:125000 [6] NCCL INFO Channel 04 : 6[6] -> 5[5] via SHM/direct/direct
e8c30d931c11:124955:125000 [6] NCCL INFO Channel 05 : 6[6] -> 5[5] via SHM/direct/direct
e8c30d931c11:124955:125000 [6] NCCL INFO Channel 06 : 6[6] -> 5[5] via SHM/direct/direct
e8c30d931c11:124955:125000 [6] NCCL INFO Channel 07 : 6[6] -> 5[5] via SHM/direct/direct
e8c30d931c11:124955:125000 [6] NCCL INFO Channel 08 : 6[6] -> 5[5] via SHM/direct/direct
e8c30d931c11:124955:125000 [6] NCCL INFO Channel 09 : 6[6] -> 5[5] via SHM/direct/direct
e8c30d931c11:124955:125000 [6] NCCL INFO Channel 10 : 6[6] -> 5[5] via SHM/direct/direct
e8c30d931c11:124955:125000 [6] NCCL INFO Channel 11 : 6[6] -> 5[5] via SHM/direct/direct
e8c30d931c11:124955:125000 [6] NCCL INFO Channel 12 : 6[6] -> 5[5] via SHM/direct/direct
e8c30d931c11:124955:125000 [6] NCCL INFO Channel 13 : 6[6] -> 5[5] via SHM/direct/direct
e8c30d931c11:124955:125000 [6] NCCL INFO Channel 14 : 6[6] -> 5[5] via SHM/direct/direct
e8c30d931c11:124955:125000 [6] NCCL INFO Channel 15 : 6[6] -> 5[5] via SHM/direct/direct
e8c30d931c11:124952:124994 [3] NCCL INFO Channel 00 : 3[3] -> 2[2] via SHM/direct/direct
e8c30d931c11:124952:124994 [3] NCCL INFO Channel 01 : 3[3] -> 2[2] via SHM/direct/direct
e8c30d931c11:124952:124994 [3] NCCL INFO Channel 02 : 3[3] -> 2[2] via SHM/direct/direct
e8c30d931c11:124951:124995 [2] NCCL INFO Channel 00 : 2[2] -> 1[1] via SHM/direct/direct
e8c30d931c11:124954:124997 [5] NCCL INFO Channel 00 : 5[5] -> 4[4] via SHM/direct/direct
e8c30d931c11:124952:124994 [3] NCCL INFO Channel 03 : 3[3] -> 2[2] via SHM/direct/direct
e8c30d931c11:124950:124998 [1] NCCL INFO Channel 00 : 1[1] -> 0[0] via SHM/direct/direct
e8c30d931c11:124951:124995 [2] NCCL INFO Channel 01 : 2[2] -> 1[1] via SHM/direct/direct
e8c30d931c11:124954:124997 [5] NCCL INFO Channel 01 : 5[5] -> 4[4] via SHM/direct/direct
e8c30d931c11:124954:124997 [5] NCCL INFO Channel 02 : 5[5] -> 4[4] via SHM/direct/direct
e8c30d931c11:124953:124999 [4] NCCL INFO Channel 00 : 4[4] -> 3[3] via SHM/direct/direct
e8c30d931c11:124952:124994 [3] NCCL INFO Channel 04 : 3[3] -> 2[2] via SHM/direct/direct
e8c30d931c11:124951:124995 [2] NCCL INFO Channel 02 : 2[2] -> 1[1] via SHM/direct/direct
e8c30d931c11:124950:124998 [1] NCCL INFO Channel 01 : 1[1] -> 0[0] via SHM/direct/direct
e8c30d931c11:124954:124997 [5] NCCL INFO Channel 03 : 5[5] -> 4[4] via SHM/direct/direct
e8c30d931c11:124953:124999 [4] NCCL INFO Channel 01 : 4[4] -> 3[3] via SHM/direct/direct
e8c30d931c11:124952:124994 [3] NCCL INFO Channel 05 : 3[3] -> 2[2] via SHM/direct/direct
e8c30d931c11:124951:124995 [2] NCCL INFO Channel 03 : 2[2] -> 1[1] via SHM/direct/direct
e8c30d931c11:124952:124994 [3] NCCL INFO Channel 06 : 3[3] -> 2[2] via SHM/direct/direct
e8c30d931c11:124954:124997 [5] NCCL INFO Channel 04 : 5[5] -> 4[4] via SHM/direct/direct
e8c30d931c11:124950:124998 [1] NCCL INFO Channel 02 : 1[1] -> 0[0] via SHM/direct/direct
e8c30d931c11:124953:124999 [4] NCCL INFO Channel 02 : 4[4] -> 3[3] via SHM/direct/direct
e8c30d931c11:124952:124994 [3] NCCL INFO Channel 07 : 3[3] -> 2[2] via SHM/direct/direct
e8c30d931c11:124951:124995 [2] NCCL INFO Channel 04 : 2[2] -> 1[1] via SHM/direct/direct
e8c30d931c11:124954:124997 [5] NCCL INFO Channel 05 : 5[5] -> 4[4] via SHM/direct/direct
e8c30d931c11:124952:124994 [3] NCCL INFO Channel 08 : 3[3] -> 2[2] via SHM/direct/direct
e8c30d931c11:124951:124995 [2] NCCL INFO Channel 05 : 2[2] -> 1[1] via SHM/direct/direct
e8c30d931c11:124953:124999 [4] NCCL INFO Channel 03 : 4[4] -> 3[3] via SHM/direct/direct
e8c30d931c11:124950:124998 [1] NCCL INFO Channel 03 : 1[1] -> 0[0] via SHM/direct/direct
e8c30d931c11:124954:124997 [5] NCCL INFO Channel 06 : 5[5] -> 4[4] via SHM/direct/direct
e8c30d931c11:124951:124995 [2] NCCL INFO Channel 06 : 2[2] -> 1[1] via SHM/direct/direct
e8c30d931c11:124952:124994 [3] NCCL INFO Channel 09 : 3[3] -> 2[2] via SHM/direct/direct
e8c30d931c11:124954:124997 [5] NCCL INFO Channel 07 : 5[5] -> 4[4] via SHM/direct/direct
e8c30d931c11:124950:124998 [1] NCCL INFO Channel 04 : 1[1] -> 0[0] via SHM/direct/direct
e8c30d931c11:124953:124999 [4] NCCL INFO Channel 04 : 4[4] -> 3[3] via SHM/direct/direct
e8c30d931c11:124952:124994 [3] NCCL INFO Channel 10 : 3[3] -> 2[2] via SHM/direct/direct
e8c30d931c11:124954:124997 [5] NCCL INFO Channel 08 : 5[5] -> 4[4] via SHM/direct/direct
e8c30d931c11:124953:124999 [4] NCCL INFO Channel 05 : 4[4] -> 3[3] via SHM/direct/direct
e8c30d931c11:124951:124995 [2] NCCL INFO Channel 07 : 2[2] -> 1[1] via SHM/direct/direct
e8c30d931c11:124950:124998 [1] NCCL INFO Channel 05 : 1[1] -> 0[0] via SHM/direct/direct
e8c30d931c11:124954:124997 [5] NCCL INFO Channel 09 : 5[5] -> 4[4] via SHM/direct/direct
e8c30d931c11:124952:124994 [3] NCCL INFO Channel 11 : 3[3] -> 2[2] via SHM/direct/direct
e8c30d931c11:124953:124999 [4] NCCL INFO Channel 06 : 4[4] -> 3[3] via SHM/direct/direct
e8c30d931c11:124954:124997 [5] NCCL INFO Channel 10 : 5[5] -> 4[4] via SHM/direct/direct
e8c30d931c11:124951:124995 [2] NCCL INFO Channel 08 : 2[2] -> 1[1] via SHM/direct/direct
e8c30d931c11:124954:124997 [5] NCCL INFO Channel 11 : 5[5] -> 4[4] via SHM/direct/direct
e8c30d931c11:124950:124998 [1] NCCL INFO Channel 06 : 1[1] -> 0[0] via SHM/direct/direct
e8c30d931c11:124954:124997 [5] NCCL INFO Channel 12 : 5[5] -> 4[4] via SHM/direct/direct
e8c30d931c11:124952:124994 [3] NCCL INFO Channel 12 : 3[3] -> 2[2] via SHM/direct/direct
e8c30d931c11:124951:124995 [2] NCCL INFO Channel 09 : 2[2] -> 1[1] via SHM/direct/direct
e8c30d931c11:124953:124999 [4] NCCL INFO Channel 07 : 4[4] -> 3[3] via SHM/direct/direct
e8c30d931c11:124952:124994 [3] NCCL INFO Channel 13 : 3[3] -> 2[2] via SHM/direct/direct
e8c30d931c11:124951:124995 [2] NCCL INFO Channel 10 : 2[2] -> 1[1] via SHM/direct/direct
e8c30d931c11:124950:124998 [1] NCCL INFO Channel 07 : 1[1] -> 0[0] via SHM/direct/direct
e8c30d931c11:124954:124997 [5] NCCL INFO Channel 13 : 5[5] -> 4[4] via SHM/direct/direct
e8c30d931c11:124953:124999 [4] NCCL INFO Channel 08 : 4[4] -> 3[3] via SHM/direct/direct
e8c30d931c11:124950:124998 [1] NCCL INFO Channel 08 : 1[1] -> 0[0] via SHM/direct/direct
e8c30d931c11:124952:124994 [3] NCCL INFO Channel 14 : 3[3] -> 2[2] via SHM/direct/direct
e8c30d931c11:124951:124995 [2] NCCL INFO Channel 11 : 2[2] -> 1[1] via SHM/direct/direct
e8c30d931c11:124954:124997 [5] NCCL INFO Channel 14 : 5[5] -> 4[4] via SHM/direct/direct
e8c30d931c11:124951:124995 [2] NCCL INFO Channel 12 : 2[2] -> 1[1] via SHM/direct/direct
e8c30d931c11:124953:124999 [4] NCCL INFO Channel 09 : 4[4] -> 3[3] via SHM/direct/direct
e8c30d931c11:124950:124998 [1] NCCL INFO Channel 09 : 1[1] -> 0[0] via SHM/direct/direct
e8c30d931c11:124952:124994 [3] NCCL INFO Channel 15 : 3[3] -> 2[2] via SHM/direct/direct
e8c30d931c11:124951:124995 [2] NCCL INFO Channel 13 : 2[2] -> 1[1] via SHM/direct/direct
e8c30d931c11:124954:124997 [5] NCCL INFO Channel 15 : 5[5] -> 4[4] via SHM/direct/direct
e8c30d931c11:124951:124995 [2] NCCL INFO Channel 14 : 2[2] -> 1[1] via SHM/direct/direct
e8c30d931c11:124953:124999 [4] NCCL INFO Channel 10 : 4[4] -> 3[3] via SHM/direct/direct
e8c30d931c11:124950:124998 [1] NCCL INFO Channel 10 : 1[1] -> 0[0] via SHM/direct/direct
e8c30d931c11:124951:124995 [2] NCCL INFO Channel 15 : 2[2] -> 1[1] via SHM/direct/direct
e8c30d931c11:124950:124998 [1] NCCL INFO Channel 11 : 1[1] -> 0[0] via SHM/direct/direct
e8c30d931c11:124953:124999 [4] NCCL INFO Channel 11 : 4[4] -> 3[3] via SHM/direct/direct
e8c30d931c11:124953:124999 [4] NCCL INFO Channel 12 : 4[4] -> 3[3] via SHM/direct/direct
e8c30d931c11:124950:124998 [1] NCCL INFO Channel 12 : 1[1] -> 0[0] via SHM/direct/direct
e8c30d931c11:124953:124999 [4] NCCL INFO Channel 13 : 4[4] -> 3[3] via SHM/direct/direct
e8c30d931c11:124950:124998 [1] NCCL INFO Channel 13 : 1[1] -> 0[0] via SHM/direct/direct
e8c30d931c11:124950:124998 [1] NCCL INFO Channel 14 : 1[1] -> 0[0] via SHM/direct/direct
e8c30d931c11:124953:124999 [4] NCCL INFO Channel 14 : 4[4] -> 3[3] via SHM/direct/direct
e8c30d931c11:124950:124998 [1] NCCL INFO Channel 15 : 1[1] -> 0[0] via SHM/direct/direct
e8c30d931c11:124953:124999 [4] NCCL INFO Channel 15 : 4[4] -> 3[3] via SHM/direct/direct
e8c30d931c11:124956:124996 [7] NCCL INFO Connected all trees
e8c30d931c11:124955:125000 [6] NCCL INFO Connected all trees
e8c30d931c11:124949:124993 [0] NCCL INFO Connected all trees
e8c30d931c11:124951:124995 [2] NCCL INFO Connected all trees
e8c30d931c11:124950:124998 [1] NCCL INFO Connected all trees
e8c30d931c11:124956:124996 [7] NCCL INFO NVLS comm 0xbcba000 headRank 7 nHeads 8 buffSize 1048576 memSize 2097152 nvlsPerRankSize 100663296 nvlsTotalSize 805306368
e8c30d931c11:124955:125000 [6] NCCL INFO NVLS comm 0x15095d60 headRank 6 nHeads 8 buffSize 1048576 memSize 2097152 nvlsPerRankSize 100663296 nvlsTotalSize 805306368
e8c30d931c11:124952:124994 [3] NCCL INFO Connected all trees
e8c30d931c11:124954:124997 [5] NCCL INFO Connected all trees
e8c30d931c11:124953:124999 [4] NCCL INFO Connected all trees
e8c30d931c11:124949:124993 [0] NCCL INFO NVLS comm 0x3c05d940 headRank 0 nHeads 8 buffSize 1048576 memSize 2097152 nvlsPerRankSize 100663296 nvlsTotalSize 805306368
e8c30d931c11:124951:124995 [2] NCCL INFO NVLS comm 0x2be9bb90 headRank 2 nHeads 8 buffSize 1048576 memSize 2097152 nvlsPerRankSize 100663296 nvlsTotalSize 805306368
e8c30d931c11:124950:124998 [1] NCCL INFO NVLS comm 0x1b299e20 headRank 1 nHeads 8 buffSize 1048576 memSize 2097152 nvlsPerRankSize 100663296 nvlsTotalSize 805306368
e8c30d931c11:124952:124994 [3] NCCL INFO NVLS comm 0x4361bce0 headRank 3 nHeads 8 buffSize 1048576 memSize 2097152 nvlsPerRankSize 100663296 nvlsTotalSize 805306368
e8c30d931c11:124954:124997 [5] NCCL INFO NVLS comm 0x240e5ae0 headRank 5 nHeads 8 buffSize 1048576 memSize 2097152 nvlsPerRankSize 100663296 nvlsTotalSize 805306368
e8c30d931c11:124953:124999 [4] NCCL INFO NVLS comm 0x1df09e00 headRank 4 nHeads 8 buffSize 1048576 memSize 2097152 nvlsPerRankSize 100663296 nvlsTotalSize 805306368
e8c30d931c11:124949:124993 [0] NCCL INFO threadThresholds 8/8/64 | 64/8/64 | 512 | 512
e8c30d931c11:124949:124993 [0] NCCL INFO 16 coll channels, 16 collnet channels, 16 nvls channels, 16 p2p channels, 2 p2p channels per peer
e8c30d931c11:124955:125000 [6] NCCL INFO threadThresholds 8/8/64 | 64/8/64 | 512 | 512
e8c30d931c11:124955:125000 [6] NCCL INFO 16 coll channels, 16 collnet channels, 16 nvls channels, 16 p2p channels, 2 p2p channels per peer
e8c30d931c11:124952:124994 [3] NCCL INFO threadThresholds 8/8/64 | 64/8/64 | 512 | 512
e8c30d931c11:124952:124994 [3] NCCL INFO 16 coll channels, 16 collnet channels, 16 nvls channels, 16 p2p channels, 2 p2p channels per peer
e8c30d931c11:124956:124996 [7] NCCL INFO threadThresholds 8/8/64 | 64/8/64 | 512 | 512
e8c30d931c11:124956:124996 [7] NCCL INFO 16 coll channels, 16 collnet channels, 16 nvls channels, 16 p2p channels, 2 p2p channels per peer
e8c30d931c11:124954:124997 [5] NCCL INFO threadThresholds 8/8/64 | 64/8/64 | 512 | 512
e8c30d931c11:124954:124997 [5] NCCL INFO 16 coll channels, 16 collnet channels, 16 nvls channels, 16 p2p channels, 2 p2p channels per peer
e8c30d931c11:124953:124999 [4] NCCL INFO threadThresholds 8/8/64 | 64/8/64 | 512 | 512
e8c30d931c11:124953:124999 [4] NCCL INFO 16 coll channels, 16 collnet channels, 16 nvls channels, 16 p2p channels, 2 p2p channels per peer
e8c30d931c11:124950:124998 [1] NCCL INFO threadThresholds 8/8/64 | 64/8/64 | 512 | 512
